node:events:486
      throw er; // Unhandled 'error' event
      ^

Error: read EPIPE
    at TTY.onStreamRead (node:internal/stream_base_commons:216:20)
Emitted 'error' event on ReadStream instance at:
    at emitErrorNT (node:internal/streams/destroy:170:8)
    at emitErrorCloseNT (node:internal/streams/destroy:129:3)
    at process.processTicksAndRejections (node:internal/process/task_queues:89:21) {
  errno: -4047,
  code: 'EPIPE',
  syscall: 'read'
}

Node.js v24.12.0
Произошла внутренняя ошибка Win32 "С обоих концов канала отсутствуют процессы" 
0xE9 при задании заголовка окна консоли. Обратитесь в службу поддержки корпорац
ии Майкрософт.
строка:1 знак:1
+ & "C:\Program Files\nodejs/node.exe" "C:\Program Files\nodejs/node_mo ...
+ ~~~~~~~~~~~~~~~~~~~~~~~~~~~~~~~~~~~~~~~~~~~~~~~~~~~~~~~~~~~~~~~~~~~~~
    + CategoryInfo          : ResourceUnavailable: (:) [], HostException
    + FullyQualifiedErrorId : SetConsoleWindowTitle
 
